
> web-next@0.0.0 dev
> vite --host 127.0.0.1 --port 5174


  [32m[1mVITE[22m v6.4.2[39m  [2mready in [0m[1m237[22m[2m[0m ms[22m

  [32m➜[39m  [1mLocal[22m:   [36mhttp://127.0.0.1:[1m5174[22m/[39m
[2m15:43:09[22m [36m[1m[vite][22m[39m [90m[2m(client)[22m[39m [32mhmr update [39m[2m/src/pages/Playground.tsx, /src/index.css[22m
[2m15:43:18[22m [36m[1m[vite][22m[39m [90m[2m(client)[22m[39m [32mhmr update [39m[2m/src/pages/Playground.tsx, /src/index.css[22m
[2m15:43:22[22m [36m[1m[vite][22m[39m [90m[2m(client)[22m[39m [32mhmr update [39m[2m/src/pages/Playground.tsx, /src/index.css[22m
[2m15:43:29[22m [36m[1m[vite][22m[39m [90m[2m(client)[22m[39m [32mhmr update [39m[2m/src/pages/Playground.tsx, /src/index.css[22m
[2m15:43:45[22m [36m[1m[vite][22m[39m [90m[2m(client)[22m[39m [32mhmr update [39m[2m/src/pages/Playground.tsx, /src/index.css[22m
[2m15:43:48[22m [36m[1m[vite][22m[39m [90m[2m(client)[22m[39m [32mhmr update [39m[2m/src/pages/Playground.tsx, /src/index.css[22m
[2m15:43:55[22m [36m[1m[vite][22m[39m [90m[2m(client)[22m[39m [32mhmr update [39m[2m/src/pages/Playground.tsx, /src/index.css[22m
[2m15:44:31[22m [36m[1m[vite][22m[39m [90m[2m(client)[22m[39m [32mpage reload [39m[2msrc/i18n/locales/zh/playground.json[22m
[2m15:44:34[22m [36m[1m[vite][22m[39m [90m[2m(client)[22m[39m [32mpage reload [39m[2msrc/i18n/locales/zh/shell.json[22m
[2m15:44:51[22m [36m[1m[vite][22m[39m [90m[2m(client)[22m[39m [32mpage reload [39m[2msrc/i18n/locales/en/playground.json[22m
[2m15:45:05[22m [36m[1m[vite][22m[39m [90m[2m(client)[22m[39m [32mpage reload [39m[2msrc/i18n/locales/zh/playground.json[22m
[2m15:45:11[22m [36m[1m[vite][22m[39m [90m[2m(client)[22m[39m [32mhmr update [39m[2m/src/pages/Playground.tsx, /src/index.css[22m
[2m15:46:17[22m [36m[1m[vite][22m[39m [90m[2m(client)[22m[39m [32mpage reload [39m[2msrc/i18n/locales/zh/playground.json[22m
[2m15:46:29[22m [36m[1m[vite][22m[39m [90m[2m(client)[22m[39m [32mhmr update [39m[2m/src/pages/Playground.tsx, /src/index.css[22m
[2m15:46:32[22m [36m[1m[vite][22m[39m [90m[2m(client)[22m[39m [32mpage reload [39m[2msrc/i18n/locales/zh/playground.json[22m
[2m15:46:36[22m [36m[1m[vite][22m[39m [90m[2m(client)[22m[39m [32mpage reload [39m[2msrc/i18n/locales/en/playground.json[22m
[2m16:06:28[22m [36m[1m[vite][22m[39m [90m[2m(client)[22m[39m [32mhmr update [39m[2m/src/pages/Playground.tsx, /src/index.css[22m
[2m16:06:35[22m [36m[1m[vite][22m[39m [90m[2m(client)[22m[39m [32mhmr update [39m[2m/src/pages/Playground.tsx, /src/index.css[22m
[2m16:06:48[22m [36m[1m[vite][22m[39m [90m[2m(client)[22m[39m [32mhmr update [39m[2m/src/pages/Playground.tsx, /src/index.css[22m
[2m16:06:53[22m [36m[1m[vite][22m[39m [90m[2m(client)[22m[39m [32mhmr update [39m[2m/src/pages/Playground.tsx, /src/index.css[22m
[2m16:06:59[22m [36m[1m[vite][22m[39m [90m[2m(client)[22m[39m [32mhmr update [39m[2m/src/pages/Playground.tsx, /src/index.css[22m
[2m16:07:31[22m [36m[1m[vite][22m[39m [90m[2m(client)[22m[39m [32mhmr update [39m[2m/src/pages/Playground.tsx, /src/index.css[22m
[2m16:08:01[22m [36m[1m[vite][22m[39m [90m[2m(client)[22m[39m [32mhmr update [39m[2m/src/pages/Playground.tsx, /src/index.css[22m
[2m16:08:09[22m [36m[1m[vite][22m[39m [90m[2m(client)[22m[39m [32mhmr update [39m[2m/src/pages/Playground.tsx, /src/index.css[22m
[2m16:08:14[22m [36m[1m[vite][22m[39m [90m[2m(client)[22m[39m [32mhmr update [39m[2m/src/pages/Playground.tsx, /src/index.css[22m
[2m16:08:21[22m [36m[1m[vite][22m[39m [90m[2m(client)[22m[39m [32mpage reload [39m[2msrc/i18n/locales/zh/playground.json[22m
[2m16:08:27[22m [36m[1m[vite][22m[39m [90m[2m(client)[22m[39m [32mpage reload [39m[2msrc/i18n/locales/en/playground.json[22m
[2m16:08:38[22m [36m[1m[vite][22m[39m [90m[2m(client)[22m[39m [32mhmr update [39m[2m/src/pages/Playground.tsx, /src/index.css[22m
[2m16:10:23[22m [36m[1m[vite][22m[39m [90m[2m(client)[22m[39m [32mhmr update [39m[2m/src/pages/Playground.tsx, /src/index.css[22m
[2m16:10:35[22m [36m[1m[vite][22m[39m [90m[2m(client)[22m[39m [32mhmr update [39m[2m/src/pages/Playground.tsx, /src/index.css[22m
[2m16:10:52[22m [36m[1m[vite][22m[39m [90m[2m(client)[22m[39m [32mhmr update [39m[2m/src/pages/Playground.tsx, /src/index.css[22m
[2m16:10:57[22m [36m[1m[vite][22m[39m [90m[2m(client)[22m[39m [32mhmr update [39m[2m/src/pages/Playground.tsx, /src/index.css[22m
[2m16:11:02[22m [36m[1m[vite][22m[39m [90m[2m(client)[22m[39m [32mpage reload [39m[2msrc/i18n/locales/zh/playground.json[22m
[2m16:11:10[22m [36m[1m[vite][22m[39m [90m[2m(client)[22m[39m [32mpage reload [39m[2msrc/i18n/locales/en/playground.json[22m
[2m16:24:50[22m [36m[1m[vite][22m[39m [90m[2m(client)[22m[39m [32mhmr update [39m[2m/src/pages/Playground.tsx, /src/index.css[22m
[2m16:24:55[22m [36m[1m[vite][22m[39m [90m[2m(client)[22m[39m [32mhmr update [39m[2m/src/pages/Playground.tsx, /src/index.css[22m
[2m16:25:00[22m [36m[1m[vite][22m[39m [90m[2m(client)[22m[39m [32mpage reload [39m[2msrc/i18n/locales/zh/playground.json[22m
[2m16:25:07[22m [36m[1m[vite][22m[39m [90m[2m(client)[22m[39m [32mpage reload [39m[2msrc/i18n/locales/en/playground.json[22m
[2m16:25:12[22m [36m[1m[vite][22m[39m [90m[2m(client)[22m[39m [32mhmr update [39m[2m/src/pages/Playground.tsx, /src/index.css[22m
[2m16:53:33[22m [36m[1m[vite][22m[39m [90m[2m(client)[22m[39m [32mhmr update [39m[2m/src/pages/Playground.tsx, /src/index.css[22m
[2m16:53:45[22m [36m[1m[vite][22m[39m [90m[2m(client)[22m[39m [32mhmr update [39m[2m/src/pages/Playground.tsx, /src/index.css[22m
[2m16:54:08[22m [36m[1m[vite][22m[39m [90m[2m(client)[22m[39m [32mpage reload [39m[2msrc/i18n/locales/en/playground.json[22m
[2m16:54:30[22m [36m[1m[vite][22m[39m [90m[2m(client)[22m[39m [32mpage reload [39m[2msrc/i18n/locales/zh/playground.json[22m
[2m16:55:12[22m [36m[1m[vite][22m[39m [90m[2m(client)[22m[39m [32mhmr update [39m[2m/src/pages/Playground.tsx, /src/index.css[22m
[2m16:56:01[22m [36m[1m[vite][22m[39m [90m[2m(client)[22m[39m [32mpage reload [39m[2msrc/i18n/locales/zh/playground.json[22m
[2m16:57:08[22m [36m[1m[vite][22m[39m [90m[2m(client)[22m[39m [32mhmr update [39m[2m/src/pages/Playground.tsx, /src/index.css[22m
[2m17:13:09[22m [36m[1m[vite][22m[39m [90m[2m(client)[22m[39m [32mhmr update [39m[2m/src/pages/Playground.tsx, /src/index.css[22m
[2m17:26:58[22m [36m[1m[vite][22m[39m [90m[2m(client)[22m[39m [32mhmr update [39m[2m/src/index.css, /src/pages/SettingsAdmin.tsx, /src/pages/TenantConfig.tsx[22m
[2m18:20:41[22m [36m[1m[vite][22m[39m [90m[2m(client)[22m[39m [32mhmr update [39m[2m/src/components/channels/ChannelsTable.tsx, /src/index.css[22m
[2m18:20:51[22m [36m[1m[vite][22m[39m [90m[2m(client)[22m[39m [32mhmr update [39m[2m/src/components/channels/ChannelsTable.tsx, /src/index.css[22m
[2m18:20:53[22m [36m[1m[vite][22m[39m [90m[2m(client)[22m[39m [32mhmr update [39m[2m/src/pages/PlatformChannelsAdmin.tsx, /src/index.css[22m
[2m18:20:56[22m [36m[1m[vite][22m[39m [90m[2m(client)[22m[39m [32mpage reload [39m[2msrc/i18n/locales/en/channels.json[22m
[2m18:21:00[22m [36m[1m[vite][22m[39m [90m[2m(client)[22m[39m [32mpage reload [39m[2msrc/i18n/locales/zh/channels.json[22m
[2m18:21:49[22m [36m[1m[vite][22m[39m [90m[2m(client)[22m[39m [32mhmr update [39m[2m/src/components/channels/ChannelsTable.tsx, /src/index.css[22m
[2m18:21:49[22m [36m[1m[vite][22m[39m [90m[2m(client)[22m[39m [32mhmr update [39m[2m/src/pages/PlatformChannelsAdmin.tsx, /src/index.css[22m
[2m18:38:23[22m [36m[1m[vite][22m[39m [90m[2m(client)[22m[39m [32mhmr update [39m[2m/src/pages/Playground.tsx, /src/index.css[22m
[2m18:44:17[22m [36m[1m[vite][22m[39m [90m[2m(client)[22m[39m [32mhmr update [39m[2m/src/pages/Playground.tsx, /src/index.css[22m
[2m18:44:24[22m [36m[1m[vite][22m[39m [90m[2m(client)[22m[39m [32mhmr update [39m[2m/src/pages/Playground.tsx, /src/index.css[22m
[2m18:44:40[22m [36m[1m[vite][22m[39m [90m[2m(client)[22m[39m [32mhmr update [39m[2m/src/pages/Playground.tsx, /src/index.css[22m
[2m18:44:44[22m [36m[1m[vite][22m[39m [90m[2m(client)[22m[39m [32mpage reload [39m[2msrc/i18n/locales/en/playground.json[22m
[2m18:44:56[22m [36m[1m[vite][22m[39m [90m[2m(client)[22m[39m [32mpage reload [39m[2msrc/i18n/locales/zh/playground.json[22m
[2m18:45:22[22m [36m[1m[vite][22m[39m [90m[2m(client)[22m[39m [32mhmr update [39m[2m/src/pages/Playground.tsx, /src/index.css[22m
[2m19:00:14[22m [36m[1m[vite][22m[39m [90m[2m(client)[22m[39m [32mhmr update [39m[2m/src/App.tsx, /src/index.css[22m
[2m19:00:19[22m [36m[1m[vite][22m[39m [90m[2m(client)[22m[39m [32mhmr update [39m[2m/src/components/layout/Sidebar.tsx, /src/index.css[22m
[2m19:00:24[22m [36m[1m[vite][22m[39m [90m[2m(client)[22m[39m [32mhmr update [39m[2m/src/components/layout/AppShell.tsx, /src/index.css[22m
[2m19:00:27[22m [36m[1m[vite][22m[39m [90m[2m(client)[22m[39m [32mpage reload [39m[2msrc/i18n/locales/en/shell.json[22m
[2m19:00:31[22m [36m[1m[vite][22m[39m [90m[2m(client)[22m[39m [32mpage reload [39m[2msrc/i18n/locales/zh/shell.json[22m
[2m19:00:51[22m [36m[1m[vite][22m[39m [90m[2m(client)[22m[39m [32mpage reload [39m[2msrc/i18n/index.ts[22m
[2m19:00:58[22m [36m[1m[vite][22m[39m [90m[2m(client)[22m[39m [32mpage reload [39m[2msrc/i18n/index.ts[22m
[2m19:03:02[22m [36m[1m[vite][22m[39m [90m[2m(client)[22m[39m [32mhmr update [39m[2m/src/components/layout/Sidebar.tsx, /src/index.css[22m
[2m19:37:04[22m [36m[1m[vite][22m[39m [90m[2m(client)[22m[39m [32mhmr update [39m[2m/src/pages/PlatformChannelsAdmin.tsx, /src/index.css[22m
[2m21:13:02[22m [36m[1m[vite][22m[39m [90m[2m(client)[22m[39m [32mhmr update [39m[2m/src/components/ui/badge.tsx, /src/index.css[22m
[2m09:58:58[22m [36m[1m[vite][22m[39m [90m[2m(client)[22m[39m [32mhmr update [39m[2m/src/components/users/EditUserDialog.tsx, /src/index.css[22m
[2m09:58:58[22m [36m[1m[vite][22m[39m [90m[2m(client)[22m[39m [32mpage reload [39m[2msrc/i18n/locales/en/rebate.json[22m
[2m09:58:58[22m [36m[1m[vite][22m[39m [90m[2m(client)[22m[39m [32mpage reload [39m[2msrc/i18n/locales/zh/rebate.json[22m
[2m09:58:58[22m [36m[1m[vite][22m[39m [90m[2m(client)[22m[39m [32mhmr update [39m[2m/src/components/users/UsersTable.tsx, /src/index.css[22m
[2m09:58:58[22m [36m[1m[vite][22m[39m [90m[2m(client)[22m[39m [32mhmr update [39m[2m/src/pages/RebateSettingsAdmin.tsx, /src/index.css[22m
[2m09:58:58[22m [36m[1m[vite][22m[39m [90m[2m(client)[22m[39m [32mhmr update [39m[2m/src/index.css, /src/pages/UsersAdmin.tsx, /src/components/users/EditUserDialog.tsx, /src/components/users/CreateUserDialog.tsx[22m
[2m09:58:58[22m [36m[1m[vite][22m[39m [90m[2m(client)[22m[39m [32mpage reload [39m[2msrc/i18n/locales/en/users.json[22m
[2m09:58:58[22m [36m[1m[vite][22m[39m [90m[2m(client)[22m[39m [32mpage reload [39m[2msrc/i18n/locales/zh/users.json[22m
[2m10:15:08[22m [36m[1m[vite][22m[39m [90m[2m(client)[22m[39m [32mpage reload [39m[2msrc/i18n/locales/en/rebate.json[22m
[2m10:15:08[22m [36m[1m[vite][22m[39m [90m[2m(client)[22m[39m [32mpage reload [39m[2msrc/i18n/locales/zh/rebate.json[22m
[2m10:15:08[22m [36m[1m[vite][22m[39m [90m[2m(client)[22m[39m [32mhmr update [39m[2m/src/index.css, /src/pages/SettingsAdmin.tsx, /src/pages/TenantConfig.tsx[22m
[2m10:15:08[22m [36m[1m[vite][22m[39m [90m[2m(client)[22m[39m [32mhmr update [39m[2m/src/pages/AppMarketplace.tsx, /src/index.css[22m
[2m10:15:08[22m [36m[1m[vite][22m[39m [90m[2m(client)[22m[39m [32mhmr update [39m[2m/src/pages/RebateSettingsAdmin.tsx, /src/index.css[22m
[2m15:50:34[22m [36m[1m[vite][22m[39m [90m[2m(client)[22m[39m [32mpage reload [39m[2msrc/i18n/locales/zh/apps.json[22m
[2m15:50:39[22m [36m[1m[vite][22m[39m [90m[2m(client)[22m[39m [32mpage reload [39m[2msrc/i18n/locales/en/apps.json[22m
[2m15:50:46[22m [36m[1m[vite][22m[39m [90m[2m(client)[22m[39m [32mhmr update [39m[2m/src/index.css, /src/pages/AppMarketplace.tsx, /src/pages/AiAppsAdmin.tsx[22m
[2m15:50:52[22m [36m[1m[vite][22m[39m [90m[2m(client)[22m[39m [32mhmr update [39m[2m/src/pages/AiAppsAdmin.tsx, /src/index.css[22m
[2m15:51:01[22m [36m[1m[vite][22m[39m [90m[2m(client)[22m[39m [32mhmr update [39m[2m/src/pages/AiAppsAdmin.tsx, /src/index.css[22m
[2m15:51:07[22m [36m[1m[vite][22m[39m [90m[2m(client)[22m[39m [32mhmr update [39m[2m/src/pages/AiAppsAdmin.tsx, /src/index.css[22m
[2m15:51:19[22m [36m[1m[vite][22m[39m [90m[2m(client)[22m[39m [32mhmr update [39m[2m/src/pages/AiAppsAdmin.tsx, /src/index.css[22m
[2m15:51:23[22m [36m[1m[vite][22m[39m [90m[2m(client)[22m[39m [32mhmr update [39m[2m/src/pages/AiAppsAdmin.tsx, /src/index.css[22m
[2m15:51:35[22m [36m[1m[vite][22m[39m [90m[2m(client)[22m[39m [32mhmr update [39m[2m/src/pages/AiAppsAdmin.tsx, /src/index.css[22m
[2m18:05:56[22m [36m[1m[vite][22m[39m [90m[2m(client)[22m[39m [32mhmr update [39m[2m/src/index.css, /src/components/channels/ChannelsTable.tsx, /src/components/channels/ChannelsFilters.tsx, /src/components/channels/ChannelFormDialog.tsx[22m
[2m18:05:59[22m [36m[1m[vite][22m[39m [90m[2m(client)[22m[39m [32mhmr update [39m[2m/src/pages/Tasks.tsx, /src/index.css[22m
[2m20:38:24[22m [36m[1m[vite][22m[39m [90m[2m(client)[22m[39m [32mhmr update [39m[2m/src/pages/AppMarketplace.tsx, /src/index.css[22m
[2m20:40:50[22m [36m[1m[vite][22m[39m [90m[2m(client)[22m[39m [32mhmr update [39m[2m/src/pages/AppMarketplace.tsx, /src/index.css[22m
[2m20:41:30[22m [36m[1m[vite][22m[39m [90m[2m(client)[22m[39m [32mhmr update [39m[2m/src/pages/AppMarketplace.tsx, /src/index.css[22m
[2m21:46:22[22m [36m[1m[vite][22m[39m [90m[2m(client)[22m[39m [32mhmr update [39m[2m/src/App.tsx, /src/index.css[22m
[2m23:46:10[22m [36m[1m[vite][22m[39m [90m[2m(client)[22m[39m [32mhmr update [39m[2m/src/components/keys/KeyCell.tsx, /src/index.css[22m
[2m23:46:10[22m [36m[1m[vite][22m[39m [90m[2m(client)[22m[39m [32mhmr update [39m[2m/src/App.tsx, /src/index.css[22m
[2m23:46:10[22m [36m[1m[vite][22m[39m [90m[2m(client)[22m[39m [32mhmr update [39m[2m/src/pages/Login.tsx, /src/index.css[22m
[2m00:07:20[22m [36m[1m[vite][22m[39m [90m[2m(client)[22m[39m [32mhmr update [39m[2m/src/pages/AppMarketplace.tsx, /src/index.css[22m
[2m00:07:26[22m [36m[1m[vite][22m[39m [90m[2m(client)[22m[39m [32mhmr update [39m[2m/src/pages/AppMarketplace.tsx, /src/index.css[22m
[2m00:17:29[22m [36m[1m[vite][22m[39m [90m[2m(client)[22m[39m [32mhmr update [39m[2m/src/pages/AppMarketplace.tsx, /src/index.css[22m
[2m00:19:02[22m [36m[1m[vite][22m[39m [90m[2m(client)[22m[39m [32mhmr update [39m[2m/src/pages/AppMarketplace.tsx, /src/index.css[22m
[2m00:19:34[22m [36m[1m[vite][22m[39m [90m[2m(client)[22m[39m [32mhmr update [39m[2m/src/pages/AppMarketplace.tsx, /src/index.css[22m
[2m00:30:52[22m [36m[1m[vite][22m[39m [90m[2m(client)[22m[39m [32mhmr update [39m[2m/src/pages/AppMarketplace.tsx, /src/index.css[22m
[2m14:36:42[22m [36m[1m[vite][22m[39m [90m[2m(client)[22m[39m [32mhmr update [39m[2m/src/components/public/PublicLayout.tsx, /src/index.css[22m
[2m14:36:42[22m [36m[1m[vite][22m[39m [90m[2m(client)[22m[39m [32mhmr update [39m[2m/src/pages/AppMarketplace.tsx, /src/index.css[22m
[2m14:36:42[22m [36m[1m[vite][22m[39m [90m[2m(client)[22m[39m [32mhmr update [39m[2m/src/App.tsx, /src/index.css[22m
[2m14:36:42[22m [36m[1m[vite][22m[39m [90m[2m(client)[22m[39m [32mhmr update [39m[2m/src/pages/Home.tsx, /src/index.css[22m
[2m14:36:42[22m [36m[1m[vite][22m[39m [90m[2m(client)[22m[39m [32mhmr update [39m[2m/src/pages/Login.tsx, /src/index.css[22m
[2m14:36:42[22m [36m[1m[vite][22m[39m [90m[2m(client)[22m[39m [32mhmr update [39m[2m/src/pages/Register.tsx, /src/index.css[22m
[2m14:36:42[22m [36m[1m[vite][22m[39m [90m[2m(client)[22m[39m [32mhmr update [39m[2m/src/components/layout/AppShell.tsx, /src/index.css[22m
[2m14:19:12[22m [36m[1m[vite][22m[39m [90m[2m(client)[22m[39m [32mpage reload [39m[2msrc/components/keys/EditTokenSheet.test.tsx[22m
[2m14:19:12[22m [36m[1m[vite][22m[39m [90m[2m(client)[22m[39m [32mhmr update [39m[2m/src/components/layout/Sidebar.tsx, /src/index.css[22m
[2m14:19:12[22m [36m[1m[vite][22m[39m [90m[2m(client)[22m[39m [32mhmr update [39m[2m/src/components/settings/StringListEditor.tsx, /src/index.css[22m
[2m14:19:12[22m [36m[1m[vite][22m[39m [90m[2m(client)[22m[39m [32mhmr update [39m[2m/src/components/keys/EditTokenSheet.tsx, /src/index.css[22m
[2m14:19:12[22m [36m[1m[vite][22m[39m [90m[2m(client)[22m[39m [32mpage reload [39m[2msrc/i18n/locales/en/keys.json[22m
[2m14:19:12[22m [36m[1m[vite][22m[39m [90m[2m(client)[22m[39m [32mpage reload [39m[2msrc/i18n/locales/zh/keys.json[22m
[2m14:19:12[22m [36m[1m[vite][22m[39m [90m[2m(client)[22m[39m [32mhmr update [39m[2m/src/index.css, /src/pages/Keys.tsx, /src/pages/Playground.tsx, /src/components/keys/CreateTokenDialog.tsx, /src/components/keys/EditTokenSheet.tsx, /src/pages/LogsAdmin.tsx, /src/pages/Logs.tsx, /src/pages/Dashboard.tsx, /src/pages/ChannelsAdmin.tsx, /src/pages/PlatformChannelsAdmin.tsx, /src/components/users/EditUserDialog.tsx, /src/components/channels/ChannelFormDialog.tsx[22m
[2m14:19:12[22m [36m[1m[vite][22m[39m [90m[2m(client)[22m[39m [32mhmr update [39m[2m/src/index.css, /src/pages/SettingsAdmin.tsx, /src/components/settings/FieldRows.tsx, /src/components/settings/StringListEditor.tsx, /src/components/settings/KvMapEditor.tsx, /src/components/settings/ModelPricingPanel.tsx[22m
[2m14:19:12[22m [36m[1m[vite][22m[39m [90m[2m(client)[22m[39m [32mhmr update [39m[2m/src/index.css, /src/pages/Keys.tsx, /src/pages/Playground.tsx, /src/components/keys/CreateTokenDialog.tsx, /src/components/keys/EditTokenSheet.tsx[22m
[2m14:19:12[22m [36m[1m[vite][22m[39m [90m[2m(client)[22m[39m [32mpage reload [39m[2msrc/test/integration/keys-create.test.tsx[22m
[2m14:19:12[22m [36m[1m[vite][22m[39m [90m[2m(client)[22m[39m [32mhmr update [39m[2m/src/index.css, /src/pages/SettingsAdmin.tsx, /src/pages/TenantConfig.tsx[22m
[2m14:19:12[22m [36m[1m[vite][22m[39m [90m[2m(client)[22m[39m [32mpage reload [39m[2msrc/lib/token-schema.test.ts[22m
[2m14:19:12[22m [36m[1m[vite][22m[39m [90m[2m(client)[22m[39m [32mhmr update [39m[2m/src/index.css, /src/components/keys/EditTokenSheet.tsx, /src/components/keys/TokenRow.tsx[22m
[2m14:19:12[22m [36m[1m[vite][22m[39m [90m[2m(client)[22m[39m [32mhmr update [39m[2m/src/pages/SettingsAdmin.tsx, /src/index.css[22m
[2m14:19:12[22m [36m[1m[vite][22m[39m [90m[2m(client)[22m[39m [32mhmr update [39m[2m/src/App.tsx, /src/index.css[22m
[2m14:19:12[22m [36m[1m[vite][22m[39m [90m[2m(client)[22m[39m [32mpage reload [39m[2msrc/test/integration/keys-delete-rollback.test.tsx[22m
[2m14:19:12[22m [36m[1m[vite][22m[39m [90m[2m(client)[22m[39m [32mpage reload [39m[2msrc/test/integration/keys-edit-optimistic.test.tsx[22m
[2m14:19:12[22m [36m[1m[vite][22m[39m [90m[2m(client)[22m[39m [32mpage reload [39m[2msrc/test/integration/keys-reveal.test.tsx[22m
[2m16:20:33[22m [36m[1m[vite][22m[39m [90m[2m(client)[22m[39m [32mhmr update [39m[2m/src/index.css, /src/pages/TenantPayment.tsx[22m
[2m16:21:19[22m [36m[1m[vite][22m[39m [90m[2m(client)[22m[39m [32mhmr update [39m[2m/src/pages/TenantPayment.tsx, /src/index.css[22m
[2m16:21:34[22m [36m[1m[vite][22m[39m [90m[2m(client)[22m[39m [32mhmr update [39m[2m/src/pages/TenantPayment.tsx, /src/index.css[22m
[2m09:32:27[22m [36m[1m[vite][22m[39m [90m[2m(client)[22m[39m [32mhmr update [39m[2m/src/index.css, /src/pages/TenantPayment.tsx[22m
[2m09:32:27[22m [36m[1m[vite][22m[39m [90m[2m(client)[22m[39m [32mpage reload [39m[2msrc/i18n/locales/en/apps.json[22m
[2m09:32:27[22m [36m[1m[vite][22m[39m [90m[2m(client)[22m[39m [32mpage reload [39m[2msrc/i18n/locales/zh/apps.json[22m
[2m09:32:27[22m [36m[1m[vite][22m[39m [90m[2m(client)[22m[39m [32mhmr update [39m[2m/src/index.css, /src/pages/SettingsAdmin.tsx, /src/pages/TenantConfig.tsx[22m
[2m09:32:27[22m [36m[1m[vite][22m[39m [90m[2m(client)[22m[39m [32mhmr update [39m[2m/src/pages/AppMarketplace.tsx, /src/index.css[22m
[2m09:32:27[22m [36m[1m[vite][22m[39m [90m[2m(client)[22m[39m [32mpage reload [39m[2msrc/i18n/locales/en/tenantpay.json[22m
[2m09:32:27[22m [36m[1m[vite][22m[39m [90m[2m(client)[22m[39m [32mpage reload [39m[2msrc/i18n/locales/zh/tenantpay.json[22m
[2m09:32:27[22m [36m[1m[vite][22m[39m [90m[2m(client)[22m[39m [32mhmr update [39m[2m/src/pages/TenantPayment.tsx, /src/index.css[22m
[2m09:32:27[22m [36m[1m[vite][22m[39m [90m[2m(client)[22m[39m [32mhmr update [39m[2m/src/App.tsx, /src/index.css[22m
[2m15:53:30[22m [36m[1m[vite][22m[39m [90m[2m(client)[22m[39m [32mhmr update [39m[2m/src/providers/AuthProvider.tsx, /src/index.css[22m
[2m20:45:10[22m [36m[1m[vite][22m[39m [90m[2m(client)[22m[39m [32mhmr update [39m[2m/src/components/channels/ChannelFormDialog.tsx, /src/index.css[22m
[2m20:45:17[22m [36m[1m[vite][22m[39m [90m[2m(client)[22m[39m [32mhmr update [39m[2m/src/components/channels/ChannelFormDialog.tsx, /src/index.css[22m
[2m20:45:22[22m [36m[1m[vite][22m[39m [90m[2m(client)[22m[39m [32mhmr update [39m[2m/src/components/channels/ChannelFormDialog.tsx, /src/index.css[22m
[2m20:45:26[22m [36m[1m[vite][22m[39m [90m[2m(client)[22m[39m [32mhmr update [39m[2m/src/components/channels/ChannelFormDialog.tsx, /src/index.css[22m
[2m20:45:31[22m [36m[1m[vite][22m[39m [90m[2m(client)[22m[39m [32mhmr update [39m[2m/src/components/channels/ChannelFormDialog.tsx, /src/index.css[22m
[2m20:45:36[22m [36m[1m[vite][22m[39m [90m[2m(client)[22m[39m [32mhmr update [39m[2m/src/components/channels/ChannelFormDialog.tsx, /src/index.css[22m
[2m20:45:48[22m [36m[1m[vite][22m[39m [90m[2m(client)[22m[39m [32mhmr update [39m[2m/src/components/channels/ChannelFormDialog.tsx, /src/index.css[22m
[2m20:46:03[22m [36m[1m[vite][22m[39m [90m[2m(client)[22m[39m [32mpage reload [39m[2msrc/i18n/locales/zh/channels.json[22m
[2m20:46:11[22m [36m[1m[vite][22m[39m [90m[2m(client)[22m[39m [32mpage reload [39m[2msrc/i18n/locales/en/channels.json[22m
[2m22:54:25[22m [36m[1m[vite][22m[39m [90m[2m(client)[22m[39m [32mhmr update [39m[2m/src/components/mobile/MobileAppPortal.tsx, /src/index.css[22m
[2m22:54:25[22m [36m[1m[vite][22m[39m [90m[2m(client)[22m[39m [32mhmr update [39m[2m/src/index.css, /src/pages/AppMarketplace.tsx, /src/pages/AiAppsAdmin.tsx, /src/components/mobile/MobileAppPortal.tsx[22m
[2m22:54:25[22m [36m[1m[vite][22m[39m [90m[2m(client)[22m[39m [32mpage reload [39m[2msrc/i18n/locales/en/apps.json[22m
[2m22:54:25[22m [36m[1m[vite][22m[39m [90m[2m(client)[22m[39m [32mpage reload [39m[2msrc/i18n/locales/zh/apps.json[22m
[2m22:54:25[22m [36m[1m[vite][22m[39m [90m[2m(client)[22m[39m [32mhmr update [39m[2m/src/pages/AiAppsAdmin.tsx, /src/index.css[22m
[2m22:54:25[22m [36m[1m[vite][22m[39m [90m[2m(client)[22m[39m [32mhmr update [39m[2m/src/pages/AppMarketplace.tsx, /src/index.css[22m
[2m10:53:33[22m [36m[1m[vite][22m[39m [90m[2m(client)[22m[39m [32mhmr update [39m[2m/src/components/keys/CreateTokenDialog.tsx, /src/index.css[22m
[2m10:53:39[22m [36m[1m[vite][22m[39m [90m[2m(client)[22m[39m [32mhmr update [39m[2m/src/index.css, /src/pages/Keys.tsx, /src/pages/Playground.tsx, /src/components/keys/CreateTokenDialog.tsx, /src/components/keys/EditTokenSheet.tsx[22m
[2m20:20:10[22m [36m[1m[vite][22m[39m [90m[2m(client)[22m[39m [32mhmr update [39m[2m/src/components/mobile/MobileAppPortal.tsx, /src/index.css[22m
[2m20:20:10[22m [36m[1m[vite][22m[39m [90m[2m(client)[22m[39m [32mhmr update [39m[2m/src/pages/AppMarketplace.tsx, /src/index.css[22m
[2m23:29:33[22m [36m[1m[vite][22m[39m [90m[2m(client)[22m[39m [32mhmr update [39m[2m/src/components/mobile/MobileAppPortal.tsx, /src/index.css[22m
[2m23:29:33[22m [36m[1m[vite][22m[39m [90m[2m(client)[22m[39m [32mhmr update [39m[2m/src/pages/AppMarketplace.tsx, /src/index.css[22m
[2m11:44:37[22m [36m[1m[vite][22m[39m [90m[2m(client)[22m[39m [32mhmr update [39m[2m/src/providers/AuthProvider.tsx, /src/index.css, /src/pages/AppMarketplace.tsx, /src/pages/Dashboard.tsx, /src/components/public/PublicLayout.tsx, /src/components/common/AdminRoute.tsx, /src/pages/ChannelsAdmin.tsx, /src/pages/AffTransfer.tsx, /src/components/common/ProtectedRoute.tsx, /src/pages/Pricing.tsx, /src/pages/Topup.tsx, /src/pages/Login.tsx, /src/pages/Account.tsx, /src/pages/Playground.tsx, /src/components/account/SignOutSection.tsx, /src/components/layout/Sidebar.tsx, /src/components/auth/WechatQrModal.tsx, /src/components/topup/RechargeCard.tsx, /src/components/channels/ChannelFormDialog.tsx, /src/components/layout/UserChip.tsx, /src/components/account/PasswordSection.tsx, /src/components/account/ProfileSection.tsx, /src/components/auth/WechatBindQrModal.tsx, /src/components/logs/CostBreakdown.tsx, /src/components/layout/UserMenu.tsx, /src/pages/AiAppsAdmin.tsx, /src/pages/ImageDiagnosis.tsx, /src/components/mobile/MobileAppPortal.tsx[22m
[2m11:44:43[22m [36m[1m[vite][22m[39m [90m[2m(client)[22m[39m [32mhmr update [39m[2m/src/components/layout/Sidebar.tsx, /src/index.css[22m
[2m11:45:23[22m [36m[1m[vite][22m[39m [90m[2m(client)[22m[39m [32mhmr update [39m[2m/src/components/layout/Sidebar.tsx, /src/index.css[22m
[2m11:45:30[22m [36m[1m[vite][22m[39m [90m[2m(client)[22m[39m [32mhmr update [39m[2m/src/App.tsx, /src/index.css[22m
[2m11:45:35[22m [36m[1m[vite][22m[39m [90m[2m(client)[22m[39m [32mhmr update [39m[2m/src/App.tsx, /src/index.css[22m
[2m11:46:21[22m [36m[1m[vite][22m[39m [90m[2m(client)[22m[39m [32mhmr update [39m[2m/src/index.css, /src/pages/PlatformTenants.tsx, /src/components/platform/CreateTenantDialog.tsx, /src/components/platform/TenantPlanEditorDialog.tsx[22m
[2m11:46:31[22m [36m[1m[vite][22m[39m [90m[2m(client)[22m[39m [32mhmr update [39m[2m/src/index.css, /src/pages/PlatformTenants.tsx, /src/components/platform/CreateTenantDialog.tsx, /src/components/platform/TenantPlanEditorDialog.tsx[22m
[2m11:46:52[22m [36m[1m[vite][22m[39m [90m[2m(client)[22m[39m [32mhmr update [39m[2m/src/pages/PlatformTenants.tsx, /src/index.css[22m
[2m11:46:56[22m [36m[1m[vite][22m[39m [90m[2m(client)[22m[39m [32mhmr update [39m[2m/src/pages/PlatformTenants.tsx, /src/index.css[22m
[2m11:47:05[22m [36m[1m[vite][22m[39m [90m[2m(client)[22m[39m [32mhmr update [39m[2m/src/pages/PlatformTenants.tsx, /src/index.css[22m
[2m11:47:10[22m [36m[1m[vite][22m[39m [90m[2m(client)[22m[39m [32mhmr update [39m[2m/src/pages/PlatformTenants.tsx, /src/index.css[22m
[2m11:49:51[22m [36m[1m[vite][22m[39m [90m[2m(client)[22m[39m [32mhmr update [39m[2m/src/index.css, /src/pages/PlatformTenants.tsx, /src/components/platform/CreateTenantDialog.tsx, /src/components/platform/TenantPlanEditorDialog.tsx[22m
[2m11:49:52[22m [36m[1m[vite][22m[39m [90m[2m(client)[22m[39m [32mhmr update [39m[2m/src/App.tsx, /src/index.css[22m
[2m11:51:10[22m [36m[1m[vite][22m[39m [90m[2m(client)[22m[39m [32mhmr update [39m[2m/src/providers/AuthProvider.tsx, /src/index.css, /src/pages/AppMarketplace.tsx, /src/pages/Dashboard.tsx, /src/components/public/PublicLayout.tsx, /src/components/common/AdminRoute.tsx, /src/pages/ChannelsAdmin.tsx, /src/pages/AffTransfer.tsx, /src/components/common/ProtectedRoute.tsx, /src/pages/Pricing.tsx, /src/pages/Topup.tsx, /src/pages/Login.tsx, /src/pages/Account.tsx, /src/pages/Playground.tsx, /src/components/account/SignOutSection.tsx, /src/components/layout/Sidebar.tsx, /src/components/auth/WechatQrModal.tsx, /src/components/topup/RechargeCard.tsx, /src/components/channels/ChannelFormDialog.tsx, /src/components/layout/UserChip.tsx, /src/components/account/PasswordSection.tsx, /src/components/account/ProfileSection.tsx, /src/components/auth/WechatBindQrModal.tsx, /src/components/logs/CostBreakdown.tsx, /src/components/layout/UserMenu.tsx, /src/pages/AiAppsAdmin.tsx, /src/pages/ImageDiagnosis.tsx, /src/components/mobile/MobileAppPortal.tsx[22m
[2m11:51:10[22m [36m[1m[vite][22m[39m [90m[2m(client)[22m[39m [32mhmr update [39m[2m/src/index.css, /src/pages/PlatformTenants.tsx, /src/components/platform/CreateTenantDialog.tsx, /src/components/platform/TenantPlanEditorDialog.tsx[22m
[2m11:51:10[22m [36m[1m[vite][22m[39m [90m[2m(client)[22m[39m [32mhmr update [39m[2m/src/pages/PlatformTenants.tsx, /src/index.css[22m
[2m11:51:10[22m [36m[1m[vite][22m[39m [90m[2m(client)[22m[39m [32mhmr update [39m[2m/src/components/layout/Sidebar.tsx, /src/index.css[22m
[2m11:51:10[22m [36m[1m[vite][22m[39m [90m[2m(client)[22m[39m [32mhmr update [39m[2m/src/App.tsx, /src/index.css[22m
[2m11:51:14[22m [36m[1m[vite][22m[39m [90m[2m(client)[22m[39m [32mhmr update [39m[2m/src/providers/AuthProvider.tsx, /src/index.css, /src/pages/AppMarketplace.tsx, /src/pages/Dashboard.tsx, /src/components/public/PublicLayout.tsx, /src/components/common/AdminRoute.tsx, /src/pages/ChannelsAdmin.tsx, /src/pages/AffTransfer.tsx, /src/components/common/ProtectedRoute.tsx, /src/pages/Pricing.tsx, /src/pages/Topup.tsx, /src/pages/Login.tsx, /src/pages/Account.tsx, /src/pages/Playground.tsx, /src/components/account/SignOutSection.tsx, /src/components/layout/Sidebar.tsx, /src/components/auth/WechatQrModal.tsx, /src/components/topup/RechargeCard.tsx, /src/components/channels/ChannelFormDialog.tsx, /src/components/layout/UserChip.tsx, /src/components/account/PasswordSection.tsx, /src/components/account/ProfileSection.tsx, /src/components/auth/WechatBindQrModal.tsx, /src/components/logs/CostBreakdown.tsx, /src/components/layout/UserMenu.tsx, /src/pages/AiAppsAdmin.tsx, /src/pages/ImageDiagnosis.tsx, /src/components/mobile/MobileAppPortal.tsx[22m
[2m11:51:14[22m [36m[1m[vite][22m[39m [90m[2m(client)[22m[39m [32mhmr update [39m[2m/src/components/layout/Sidebar.tsx, /src/index.css[22m
[2m11:51:14[22m [36m[1m[vite][22m[39m [90m[2m(client)[22m[39m [32mhmr update [39m[2m/src/pages/PlatformTenants.tsx, /src/index.css[22m
[2m11:51:14[22m [36m[1m[vite][22m[39m [90m[2m(client)[22m[39m [32mhmr update [39m[2m/src/index.css, /src/pages/PlatformTenants.tsx, /src/components/platform/CreateTenantDialog.tsx, /src/components/platform/TenantPlanEditorDialog.tsx[22m
[2m11:51:14[22m [36m[1m[vite][22m[39m [90m[2m(client)[22m[39m [32mhmr update [39m[2m/src/App.tsx, /src/index.css[22m
[2m11:52:57[22m [36m[1m[vite][22m[39m [90m[2m(client)[22m[39m [32mhmr update [39m[2m/src/components/mobile/MobileAppPortal.tsx, /src/index.css[22m
[2m11:52:57[22m [36m[1m[vite][22m[39m [90m[2m(client)[22m[39m [32mhmr update [39m[2m/src/pages/AiAppsAdmin.tsx, /src/index.css[22m
[2m11:52:57[22m [36m[1m[vite][22m[39m [90m[2m(client)[22m[39m [32mhmr update [39m[2m/src/pages/AppMarketplace.tsx, /src/index.css[22m
[2m16:10:39[22m [36m[1m[vite][22m[39m [90m[2m(client)[22m[39m [32mhmr update [39m[2m/src/components/logs/LogsAdminTable.tsx, /src/index.css[22m
[2m16:10:45[22m [36m[1m[vite][22m[39m [90m[2m(client)[22m[39m [32mhmr update [39m[2m/src/components/logs/LogsAdminTable.tsx, /src/index.css[22m
[2m16:10:50[22m [36m[1m[vite][22m[39m [90m[2m(client)[22m[39m [32mhmr update [39m[2m/src/components/logs/LogsAdminTable.tsx, /src/index.css[22m
[2m00:01:03[22m [36m[1m[vite][22m[39m [90m[2m(client)[22m[39m [32mhmr update [39m[2m/src/index.css, /src/pages/PlatformChannelsAdmin.tsx[22m
[2m00:01:10[22m [36m[1m[vite][22m[39m [90m[2m(client)[22m[39m [32mhmr update [39m[2m/src/pages/ChannelsAdmin.tsx, /src/index.css[22m
[2m00:01:21[22m [36m[1m[vite][22m[39m [90m[2m(client)[22m[39m [32mhmr update [39m[2m/src/pages/ChannelsAdmin.tsx, /src/index.css[22m
[2m00:01:30[22m [36m[1m[vite][22m[39m [90m[2m(client)[22m[39m [32mhmr update [39m[2m/src/pages/ChannelsAdmin.tsx, /src/index.css[22m
[2m00:01:35[22m [36m[1m[vite][22m[39m [90m[2m(client)[22m[39m [32mpage reload [39m[2msrc/i18n/locales/zh/channels.json[22m
[2m00:01:44[22m [36m[1m[vite][22m[39m [90m[2m(client)[22m[39m [32mpage reload [39m[2msrc/i18n/locales/en/playground.json[22m
[2m00:01:44[22m [36m[1m[vite][22m[39m [90m[2m(client)[22m[39m [32mpage reload [39m[2msrc/i18n/locales/zh/playground.json[22m
[2m00:01:44[22m [36m[1m[vite][22m[39m [90m[2m(client)[22m[39m [32mhmr update [39m[2m/src/pages/Playground.tsx, /src/index.css[22m
[2m00:01:44[22m [36m[1m[vite][22m[39m [90m[2m(client)[22m[39m [32mhmr update [39m[2m/src/components/mobile/MobileAppPortal.tsx, /src/index.css[22m
[2m00:01:46[22m [36m[1m[vite][22m[39m [90m[2m(client)[22m[39m [32mpage reload [39m[2msrc/i18n/locales/en/channels.json[22m
[2m00:07:43[22m [36m[1m[vite][22m[39m [90m[2m(client)[22m[39m [32mhmr update [39m[2m/src/pages/ChannelsAdmin.tsx, /src/index.css[22m
[2m00:07:50[22m [36m[1m[vite][22m[39m [90m[2m(client)[22m[39m [32mhmr update [39m[2m/src/pages/ChannelsAdmin.tsx, /src/index.css[22m
[2m00:07:59[22m [36m[1m[vite][22m[39m [90m[2m(client)[22m[39m [32mhmr update [39m[2m/src/pages/ChannelsAdmin.tsx, /src/index.css[22m
[2m00:08:29[22m [36m[1m[vite][22m[39m [90m[2m(client)[22m[39m [32mhmr update [39m[2m/src/pages/ChannelsAdmin.tsx, /src/index.css[22m
[2m00:08:35[22m [36m[1m[vite][22m[39m [90m[2m(client)[22m[39m [32mpage reload [39m[2msrc/i18n/locales/zh/channels.json[22m
[2m00:08:38[22m [36m[1m[vite][22m[39m [90m[2m(client)[22m[39m [32mpage reload [39m[2msrc/i18n/locales/en/channels.json[22m
[2m00:24:47[22m [36m[1m[vite][22m[39m [90m[2m(client)[22m[39m [32mhmr update [39m[2m/src/index.css, /src/pages/TenantPlan.tsx, /src/pages/TenantBills.tsx, /src/pages/TenantAudit.tsx, /src/pages/ChannelsAdmin.tsx, /src/components/channels/TenantMarkupEditDialog.tsx[22m
[2m00:24:52[22m [36m[1m[vite][22m[39m [90m[2m(client)[22m[39m [32mhmr update [39m[2m/src/pages/TenantPlan.tsx, /src/index.css[22m
[2m00:24:57[22m [36m[1m[vite][22m[39m [90m[2m(client)[22m[39m [32mhmr update [39m[2m/src/pages/TenantPlan.tsx, /src/index.css[22m
[2m00:25:10[22m [36m[1m[vite][22m[39m [90m[2m(client)[22m[39m [32mhmr update [39m[2m/src/pages/TenantPlan.tsx, /src/index.css[22m
[2m00:25:31[22m [36m[1m[vite][22m[39m [90m[2m(client)[22m[39m [32mpage reload [39m[2msrc/i18n/locales/zh/tenant.json[22m
[2m00:25:36[22m [36m[1m[vite][22m[39m [90m[2m(client)[22m[39m [32mpage reload [39m[2msrc/i18n/locales/en/tenant.json[22m
