
> web-next@0.0.0 dev
> vite --host 127.0.0.1 --port 4930

[2m18:47:18[22m [36m[1m[vite][22m[39m [90m[2m(client)[22m[39m Re-optimizing dependencies because lockfile has changed

  [32m[1mVITE[22m v6.4.2[39m  [2mready in [0m[1m441[22m[2m[0m ms[22m

  [32m➜[39m  [1mLocal[22m:   [36mhttp://127.0.0.1:[1m4930[22m/[39m
[2m19:03:44[22m [36m[1m[vite][22m[39m [90m[2m(client)[22m[39m [32mhmr update [39m[2m/src/index.css, /src/pages/ImageDiagnosis.tsx[22m
[2m19:05:44[22m [36m[1m[vite][22m[39m [90m[2m(client)[22m[39m [32mhmr update [39m[2m/src/pages/ImageDiagnosis.tsx, /src/index.css[22m
[2m19:05:54[22m [36m[1m[vite][22m[39m [90m[2m(client)[22m[39m [32mhmr update [39m[2m/src/pages/ImageDiagnosis.tsx, /src/index.css[22m
[2m19:06:05[22m [36m[1m[vite][22m[39m [90m[2m(client)[22m[39m [32mhmr update [39m[2m/src/pages/ImageDiagnosis.tsx, /src/index.css[22m
[2m19:06:20[22m [36m[1m[vite][22m[39m [90m[2m(client)[22m[39m [32mhmr update [39m[2m/src/pages/ImageDiagnosis.tsx, /src/index.css[22m
[2m19:06:35[22m [36m[1m[vite][22m[39m [90m[2m(client)[22m[39m [32mhmr update [39m[2m/src/pages/ImageDiagnosis.tsx, /src/index.css[22m
[2m19:06:39[22m [36m[1m[vite][22m[39m [90m[2m(client)[22m[39m [32mhmr update [39m[2m/src/pages/ImageDiagnosis.tsx, /src/index.css[22m
[2m19:06:43[22m [36m[1m[vite][22m[39m [90m[2m(client)[22m[39m [32mhmr update [39m[2m/src/pages/ImageDiagnosis.tsx, /src/index.css[22m
[2m19:06:50[22m [36m[1m[vite][22m[39m [90m[2m(client)[22m[39m [32mhmr update [39m[2m/src/pages/ImageDiagnosis.tsx, /src/index.css[22m
[2m19:06:58[22m [36m[1m[vite][22m[39m [90m[2m(client)[22m[39m [32mhmr update [39m[2m/src/pages/ImageDiagnosis.tsx, /src/index.css[22m
[2m19:07:22[22m [36m[1m[vite][22m[39m [90m[2m(client)[22m[39m [32mhmr update [39m[2m/src/pages/ImageDiagnosis.tsx, /src/index.css[22m
[2m19:20:30[22m [36m[1m[vite][22m[39m [90m[2m(client)[22m[39m [32mhmr update [39m[2m/src/pages/ImageDiagnosis.tsx, /src/index.css[22m
[2m19:20:42[22m [36m[1m[vite][22m[39m [90m[2m(client)[22m[39m [32mhmr update [39m[2m/src/pages/ImageDiagnosis.tsx, /src/index.css[22m
[2m20:19:10[22m [36m[1m[vite][22m[39m [90m[2m(client)[22m[39m [32mhmr update [39m[2m/src/pages/ImageDiagnosis.tsx, /src/index.css[22m
[2m20:20:07[22m [36m[1m[vite][22m[39m [90m[2m(client)[22m[39m [32mhmr update [39m[2m/src/pages/ImageDiagnosis.tsx, /src/index.css[22m
[2m20:20:15[22m [36m[1m[vite][22m[39m [90m[2m(client)[22m[39m [32mhmr update [39m[2m/src/pages/ImageDiagnosis.tsx, /src/index.css[22m
[2m20:21:42[22m [36m[1m[vite][22m[39m [90m[2m(client)[22m[39m [32mhmr update [39m[2m/src/pages/ImageDiagnosis.tsx[22m
[2m20:21:57[22m [36m[1m[vite][22m[39m [90m[2m(client)[22m[39m [32mhmr update [39m[2m/src/pages/ImageDiagnosis.tsx[22m
[2m20:24:26[22m [36m[1m[vite][22m[39m [90m[2m(client)[22m[39m [32mhmr update [39m[2m/src/index.css, /src/pages/ImageDiagnosis.tsx[22m
[2m20:24:35[22m [36m[1m[vite][22m[39m [90m[2m(client)[22m[39m [32mhmr update [39m[2m/src/index.css, /src/pages/ImageDiagnosis.tsx[22m
[2m20:31:07[22m [36m[1m[vite][22m[39m [90m[2m(client)[22m[39m [32mhmr update [39m[2m/src/index.css, /src/pages/ImageDiagnosis.tsx[22m
[2m20:39:08[22m [36m[1m[vite][22m[39m [90m[2m(client)[22m[39m [32mhmr update [39m[2m/src/index.css, /src/pages/ImageDiagnosis.tsx[22m
[2m20:44:09[22m [36m[1m[vite][22m[39m [90m[2m(client)[22m[39m [32mhmr update [39m[2m/src/index.css, /src/pages/ImageDiagnosis.tsx[22m
[2m20:44:16[22m [36m[1m[vite][22m[39m [90m[2m(client)[22m[39m [32mhmr update [39m[2m/src/index.css, /src/pages/ImageDiagnosis.tsx[22m
[2m20:48:27[22m [36m[1m[vite][22m[39m [90m[2m(client)[22m[39m [32mpage reload [39m[2msrc/i18n/locales/en/apps.json[22m
[2m20:48:27[22m [36m[1m[vite][22m[39m [90m[2m(client)[22m[39m [32mpage reload [39m[2msrc/i18n/locales/zh/apps.json[22m
[2m20:48:27[22m [36m[1m[vite][22m[39m [90m[2m(client)[22m[39m [32mhmr update [39m[2m/src/index.css, /src/components/channels/ChannelsFilters.tsx, /src/components/channels/ChannelsTable.tsx, /src/components/channels/ChannelFormDialog.tsx[22m
[2m20:48:27[22m [36m[1m[vite][22m[39m [90m[2m(client)[22m[39m [32mhmr update [39m[2m/src/pages/AiAppsAdmin.tsx, /src/index.css[22m
[2m20:48:28[22m [36m[1m[vite][22m[39m [90m[2m(client)[22m[39m [32mhmr update [39m[2m/src/pages/AppMarketplace.tsx, /src/index.css[22m
[2m20:48:28[22m [36m[1m[vite][22m[39m [90m[2m(client)[22m[39m [32mhmr update [39m[2m/src/pages/Tasks.tsx, /src/index.css[22m
[2m20:48:28[22m [36m[1m[vite][22m[39m [90m[2m(client)[22m[39m [32mhmr update [39m[2m/src/index.css, /src/pages/AppMarketplace.tsx, /src/pages/AiAppsAdmin.tsx[22m
[2m20:48:28[22m [36m[1m[vite][22m[39m [90m[2m(client)[22m[39m [32mhmr update [39m[2m/src/index.css, /src/pages/AppMarketplace.tsx, /src/pages/AiAppsAdmin.tsx[22m
